[3684:24252:0721/091411.176:WARNING:chrome_main_delegate.cc(745)] This is Chrome version 128.0.6613.138 (not a warning)
[3684:24252:0721/091411.189:ERROR:os_crypt_win.cc(100)] Failed to decrypt: 指定された状態で使用するには無効なキーです。 (0x8009000B)
[3684:23300:0721/091411.213:ERROR:google_update_settings.cc(265)] Failed opening key Software\Chromium to set usagestats; result: 5
[3684:24252:0721/091411.240:WARNING:account_consistency_mode_manager.cc(77)] Desktop Identity Consistency cannot be enabled as no OAuth client ID and client secret have been configured.
[3684:23300:0721/091412.998:WARNING:leveldb_database.cc(141)] Unable to open C:\Users\com\Desktop\a\Saved\webcache_6613\Default\shared_proto_db\metadata: IO error: C:\Users\com\Desktop\a\Saved\webcache_6613\Default\shared_proto_db\metadata/MANIFEST-000001: Unable to create sequential file (ChromeMethodBFE: 7::NewSequentialFile::1)
[3684:23300:0721/091413.010:WARNING:leveldb_database.cc(141)] Unable to open C:\Users\com\Desktop\a\Saved\webcache_6613\Default\shared_proto_db\metadata: IO error: C:\Users\com\Desktop\a\Saved\webcache_6613\Default\shared_proto_db\metadata/MANIFEST-000001: Unable to create sequential file (ChromeMethodBFE: 7::NewSequentialFile::1)
[3684:23300:0721/091413.011:WARNING:leveldb_database.cc(141)] Unable to open C:\Users\com\Desktop\a\Saved\webcache_6613\Default\shared_proto_db\metadata: IO error: C:\Users\com\Desktop\a\Saved\webcache_6613\Default\shared_proto_db\metadata/MANIFEST-000001: Unable to create sequential file (ChromeMethodBFE: 7::NewSequentialFile::1)
[3684:23300:0721/091413.012:WARNING:leveldb_database.cc(141)] Unable to open C:\Users\com\Desktop\a\Saved\webcache_6613\Default\shared_proto_db\metadata: IO error: C:\Users\com\Desktop\a\Saved\webcache_6613\Default\shared_proto_db\metadata/MANIFEST-000001: Unable to create sequential file (ChromeMethodBFE: 7::NewSequentialFile::1)
[3684:13072:0721/091413.340:WARNING:value_store_frontend.cc(47)] Reading ahfgeienlihckogmohjhadlkjgocpleb.alarms from  failed: IO error: .../MANIFEST-000001: Unable to create sequential file (ChromeMethodBFE: 7::NewSequentialFile::1)
[3684:13072:0721/091413.341:WARNING:value_store_frontend.cc(47)] Reading mhjfbmdgcfjbbpaeojofohoefgiehjai.alarms from  failed: IO error: .../MANIFEST-000001: Unable to create sequential file (ChromeMethodBFE: 7::NewSequentialFile::1)
[13392:22596:0721/091413.760:ERROR:backend_impl.cc(989)] Critical error found -8
[13392:22596:0721/091413.760:WARNING:storage_block-inl.h(138)] Failed data load.
[13392:22596:0721/091413.760:ERROR:entry_impl.cc(1029)] No file for b3020038
[13392:22596:0721/091413.760:WARNING:storage_block-inl.h(138)] Failed data load.
[16376:9396:0721/091413.862:WARNING:frame_impl.cc(430)] virtual CefFrameImpl::SendProcessMessage sent to detached frame 5-FCBEF7F40B65F870F0536BA9FE625294 will be ignored
[18680:21544:0721/091414.157:WARNING:codec.cc(525)] Explicitly added H264 constrained baseline to list of supported formats.
[18680:14440:0721/091414.174:WARNING:codec.cc(525)] Explicitly added H264 constrained baseline to list of supported formats.
[18680:14440:0721/091414.174:WARNING:codec.cc(525)] Explicitly added H264 constrained baseline to list of supported formats.
[18680:14440:0721/091414.175:WARNING:codec.cc(525)] Explicitly added H264 constrained baseline to list of supported formats.
[13392:23288:0721/091414.196:WARNING:host_resolver_dns_task.cc(863)] Address list empty after RFC3484 sort
[13392:23288:0721/091414.196:WARNING:host_resolver_dns_task.cc(863)] Address list empty after RFC3484 sort
[13392:23288:0721/091414.196:WARNING:host_resolver_dns_task.cc(863)] Address list empty after RFC3484 sort
[13392:23288:0721/091414.199:ERROR:socket_manager.cc(147)] Failed to resolve address for stun.l.google.com., errorcode: -105
[13392:23288:0721/091414.199:ERROR:socket_manager.cc(147)] Failed to resolve address for stun.l.google.com., errorcode: -105
[13392:23288:0721/091414.199:ERROR:socket_manager.cc(147)] Failed to resolve address for stun.l.google.com., errorcode: -105
[13392:23288:0721/091414.199:ERROR:socket_manager.cc(147)] Failed to resolve address for stun1.l.google.com., errorcode: -105
[13392:23288:0721/091414.199:ERROR:socket_manager.cc(147)] Failed to resolve address for stun1.l.google.com., errorcode: -105
[13392:23288:0721/091414.199:ERROR:socket_manager.cc(147)] Failed to resolve address for stun1.l.google.com., errorcode: -105
[13392:23288:0721/091414.199:ERROR:socket_manager.cc(147)] Failed to resolve address for stun.cloudflare.com., errorcode: -105
[13392:23288:0721/091414.199:ERROR:socket_manager.cc(147)] Failed to resolve address for stun.cloudflare.com., errorcode: -105
[13392:23288:0721/091414.199:ERROR:socket_manager.cc(147)] Failed to resolve address for stun.cloudflare.com., errorcode: -105
[18680:14440:0721/091414.200:WARNING:stun_port.cc(442)] Port[f96400:0:1:0:host:Net[any:0:0:0:x:x:x:x:x/0:Wildcard:id=0]]: StunPort: stun host lookup received error -1
[18680:14440:0721/091414.200:WARNING:stun_port.cc(442)] Port[f96c00:1:1:0:host:Net[any:0:0:0:x:x:x:x:x/0:Wildcard:id=0]]: StunPort: stun host lookup received error -1
[18680:14440:0721/091414.200:WARNING:stun_port.cc(442)] Port[f97400:2:1:0:host:Net[any:0:0:0:x:x:x:x:x/0:Wildcard:id=0]]: StunPort: stun host lookup received error -1
[18680:14440:0721/091414.200:WARNING:stun_port.cc(442)] Port[f96400:0:1:0:host:Net[any:0:0:0:x:x:x:x:x/0:Wildcard:id=0]]: StunPort: stun host lookup received error -1
[18680:14440:0721/091414.200:WARNING:stun_port.cc(442)] Port[f96c00:1:1:0:host:Net[any:0:0:0:x:x:x:x:x/0:Wildcard:id=0]]: StunPort: stun host lookup received error -1
[18680:14440:0721/091414.200:WARNING:stun_port.cc(442)] Port[f97400:2:1:0:host:Net[any:0:0:0:x:x:x:x:x/0:Wildcard:id=0]]: StunPort: stun host lookup received error -1
[18680:14440:0721/091414.200:WARNING:stun_port.cc(442)] Port[f96400:0:1:0:host:Net[any:0:0:0:x:x:x:x:x/0:Wildcard:id=0]]: StunPort: stun host lookup received error -1
[18680:14440:0721/091414.200:WARNING:stun_port.cc(442)] Port[f96c00:1:1:0:host:Net[any:0:0:0:x:x:x:x:x/0:Wildcard:id=0]]: StunPort: stun host lookup received error -1
[18680:14440:0721/091414.200:WARNING:stun_port.cc(442)] Port[f97400:2:1:0:host:Net[any:0:0:0:x:x:x:x:x/0:Wildcard:id=0]]: StunPort: stun host lookup received error -1
[3684:23172:0721/091414.383:WARNING:browser_info.cc(345)] Returning a speculative frame for [7,9]
[3684:24252:0721/091414.731:WARNING:browser_info.cc(345)] Returning a speculative frame for [8,9]
[3684:24252:0721/091414.731:WARNING:browser_info.cc(345)] Returning a speculative frame for [8,9]
[3684:24252:0721/091414.731:WARNING:browser_info.cc(345)] Returning a speculative frame for [8,9]
[3684:24252:0721/091414.731:WARNING:browser_info.cc(345)] Returning a speculative frame for [8,9]
[3684:23172:0721/091414.737:WARNING:browser_info.cc(345)] Returning a speculative frame for [8,9]
[11232:25092:0721/091416.063:WARNING:codec.cc(525)] Explicitly added H264 constrained baseline to list of supported formats.
[11232:25088:0721/091416.085:WARNING:codec.cc(525)] Explicitly added H264 constrained baseline to list of supported formats.
[11232:25088:0721/091416.085:WARNING:codec.cc(525)] Explicitly added H264 constrained baseline to list of supported formats.
[11232:25088:0721/091416.086:WARNING:codec.cc(525)] Explicitly added H264 constrained baseline to list of supported formats.
[13392:23288:0721/091416.403:WARNING:host_resolver_dns_task.cc(863)] Address list empty after RFC3484 sort
[13392:23288:0721/091416.403:WARNING:host_resolver_dns_task.cc(863)] Address list empty after RFC3484 sort
[13392:23288:0721/091416.403:WARNING:host_resolver_dns_task.cc(863)] Address list empty after RFC3484 sort
[13392:23288:0721/091416.404:ERROR:socket_manager.cc(147)] Failed to resolve address for stun.cloudflare.com., errorcode: -105
[13392:23288:0721/091416.404:ERROR:socket_manager.cc(147)] Failed to resolve address for stun.cloudflare.com., errorcode: -105
[13392:23288:0721/091416.404:ERROR:socket_manager.cc(147)] Failed to resolve address for stun.cloudflare.com., errorcode: -105
[13392:23288:0721/091416.404:ERROR:socket_manager.cc(147)] Failed to resolve address for stun.l.google.com., errorcode: -105
[13392:23288:0721/091416.404:ERROR:socket_manager.cc(147)] Failed to resolve address for stun.l.google.com., errorcode: -105
[13392:23288:0721/091416.404:ERROR:socket_manager.cc(147)] Failed to resolve address for stun.l.google.com., errorcode: -105
[13392:23288:0721/091416.404:ERROR:socket_manager.cc(147)] Failed to resolve address for stun1.l.google.com., errorcode: -105
[13392:23288:0721/091416.404:ERROR:socket_manager.cc(147)] Failed to resolve address for stun1.l.google.com., errorcode: -105
[11232:25088:0721/091416.404:WARNING:stun_port.cc(442)] Port[ecb400:0:1:0:host:Net[any:0:0:0:x:x:x:x:x/0:Wildcard:id=0]]: StunPort: stun host lookup received error -1
[13392:23288:0721/091416.404:ERROR:socket_manager.cc(147)] Failed to resolve address for stun1.l.google.com., errorcode: -105
[11232:25088:0721/091416.404:WARNING:stun_port.cc(442)] Port[139a400:1:1:0:host:Net[any:0:0:0:x:x:x:x:x/0:Wildcard:id=0]]: StunPort: stun host lookup received error -1
[11232:25088:0721/091416.404:WARNING:stun_port.cc(442)] Port[139ac00:2:1:0:host:Net[any:0:0:0:x:x:x:x:x/0:Wildcard:id=0]]: StunPort: stun host lookup received error -1
[11232:25088:0721/091416.404:WARNING:stun_port.cc(442)] Port[ecb400:0:1:0:host:Net[any:0:0:0:x:x:x:x:x/0:Wildcard:id=0]]: StunPort: stun host lookup received error -1
[11232:25088:0721/091416.406:WARNING:stun_port.cc(442)] Port[139a400:1:1:0:host:Net[any:0:0:0:x:x:x:x:x/0:Wildcard:id=0]]: StunPort: stun host lookup received error -1
[11232:25088:0721/091416.406:WARNING:stun_port.cc(442)] Port[139ac00:2:1:0:host:Net[any:0:0:0:x:x:x:x:x/0:Wildcard:id=0]]: StunPort: stun host lookup received error -1
[11232:25088:0721/091416.406:WARNING:stun_port.cc(442)] Port[ecb400:0:1:0:host:Net[any:0:0:0:x:x:x:x:x/0:Wildcard:id=0]]: StunPort: stun host lookup received error -1
[11232:25088:0721/091416.406:WARNING:stun_port.cc(442)] Port[139a400:1:1:0:host:Net[any:0:0:0:x:x:x:x:x/0:Wildcard:id=0]]: StunPort: stun host lookup received error -1
[11232:25088:0721/091416.406:WARNING:stun_port.cc(442)] Port[139ac00:2:1:0:host:Net[any:0:0:0:x:x:x:x:x/0:Wildcard:id=0]]: StunPort: stun host lookup received error -1
[11232:25092:0721/091419.595:WARNING:codec.cc(525)] Explicitly added H264 constrained baseline to list of supported formats.
[18680:10284:0721/091625.747:WARNING:frame_impl.cc(430)] virtual CefFrameImpl::SendProcessMessage sent to detached frame 6-02E400E00259688B5343CECA27AC2CF1 will be ignored
[21008:11928:0721/091625.813:ERROR:shared_image_manager.cc(224)] SharedImageManager::ProduceSkia: Trying to Produce a Skia representation from a non-existent mailbox.
[21008:11928:0721/091625.813:ERROR:shared_image_manager.cc(224)] SharedImageManager::ProduceSkia: Trying to Produce a Skia representation from a non-existent mailbox.
[3684:24252:0721/111638.848:WARNING:pref_notifier_impl.cc(41)] Pref observer for media_router.cast_allow_all_ips found at shutdown.
